# frozen_string_literal: true

require 'module'

using PythonPrintEx
using PythonStringCountEx

db = SQLAlchemy()
class Parent < ApplicationRecord
  #id = Column(Integer, primary_key: true)
  belongs_to :child #
end
class Child < ApplicationRecord
  #id = Column(Integer, primary_key: true)
  #parent_id = Column(Integer, ForeignKey("parent_table.id"))
  has_many :parents #
end
